../Drivers/STM32F4xx_HAL_Driver/Src/stm32f4xx_hal_ltdc.c:219:19:HAL_LTDC_Init	24	static
../Drivers/STM32F4xx_HAL_Driver/Src/stm32f4xx_hal_ltdc.c:329:19:HAL_LTDC_DeInit	24	static
../Drivers/STM32F4xx_HAL_Driver/Src/stm32f4xx_hal_ltdc.c:399:13:HAL_LTDC_MspInit	16	static
../Drivers/STM32F4xx_HAL_Driver/Src/stm32f4xx_hal_ltdc.c:415:13:HAL_LTDC_MspDeInit	16	static
../Drivers/STM32F4xx_HAL_Driver/Src/stm32f4xx_hal_ltdc.c:631:6:HAL_LTDC_IRQHandler	24	static
../Drivers/STM32F4xx_HAL_Driver/Src/stm32f4xx_hal_ltdc.c:749:13:HAL_LTDC_ErrorCallback	16	static
../Drivers/STM32F4xx_HAL_Driver/Src/stm32f4xx_hal_ltdc.c:765:13:HAL_LTDC_LineEventCallback	16	static
../Drivers/STM32F4xx_HAL_Driver/Src/stm32f4xx_hal_ltdc.c:781:13:HAL_LTDC_ReloadEventCallback	16	static
../Drivers/STM32F4xx_HAL_Driver/Src/stm32f4xx_hal_ltdc.c:831:19:HAL_LTDC_ConfigLayer	32	static
../Drivers/STM32F4xx_HAL_Driver/Src/stm32f4xx_hal_ltdc.c:881:19:HAL_LTDC_ConfigColorKeying	24	static
../Drivers/STM32F4xx_HAL_Driver/Src/stm32f4xx_hal_ltdc.c:919:19:HAL_LTDC_ConfigCLUT	40	static
../Drivers/STM32F4xx_HAL_Driver/Src/stm32f4xx_hal_ltdc.c:970:19:HAL_LTDC_EnableColorKeying	16	static
../Drivers/STM32F4xx_HAL_Driver/Src/stm32f4xx_hal_ltdc.c:1005:19:HAL_LTDC_DisableColorKeying	16	static
../Drivers/STM32F4xx_HAL_Driver/Src/stm32f4xx_hal_ltdc.c:1040:19:HAL_LTDC_EnableCLUT	16	static
../Drivers/STM32F4xx_HAL_Driver/Src/stm32f4xx_hal_ltdc.c:1075:19:HAL_LTDC_DisableCLUT	16	static
../Drivers/STM32F4xx_HAL_Driver/Src/stm32f4xx_hal_ltdc.c:1108:19:HAL_LTDC_EnableDither	16	static
../Drivers/STM32F4xx_HAL_Driver/Src/stm32f4xx_hal_ltdc.c:1135:19:HAL_LTDC_DisableDither	16	static
../Drivers/STM32F4xx_HAL_Driver/Src/stm32f4xx_hal_ltdc.c:1166:19:HAL_LTDC_SetWindowSize	32	static
../Drivers/STM32F4xx_HAL_Driver/Src/stm32f4xx_hal_ltdc.c:1222:19:HAL_LTDC_SetWindowPosition	32	static
../Drivers/STM32F4xx_HAL_Driver/Src/stm32f4xx_hal_ltdc.c:1273:19:HAL_LTDC_SetPixelFormat	32	static
../Drivers/STM32F4xx_HAL_Driver/Src/stm32f4xx_hal_ltdc.c:1318:19:HAL_LTDC_SetAlpha	32	static
../Drivers/STM32F4xx_HAL_Driver/Src/stm32f4xx_hal_ltdc.c:1362:19:HAL_LTDC_SetAddress	32	static
../Drivers/STM32F4xx_HAL_Driver/Src/stm32f4xx_hal_ltdc.c:1411:19:HAL_LTDC_SetPitch	40	static
../Drivers/STM32F4xx_HAL_Driver/Src/stm32f4xx_hal_ltdc.c:1480:19:HAL_LTDC_ProgramLineEvent	16	static
../Drivers/STM32F4xx_HAL_Driver/Src/stm32f4xx_hal_ltdc.c:1519:20:HAL_LTDC_Reload	16	static
../Drivers/STM32F4xx_HAL_Driver/Src/stm32f4xx_hal_ltdc.c:1558:19:HAL_LTDC_ConfigLayer_NoReload	32	static
../Drivers/STM32F4xx_HAL_Driver/Src/stm32f4xx_hal_ltdc.c:1608:19:HAL_LTDC_SetWindowSize_NoReload	32	static
../Drivers/STM32F4xx_HAL_Driver/Src/stm32f4xx_hal_ltdc.c:1663:19:HAL_LTDC_SetWindowPosition_NoReload	32	static
../Drivers/STM32F4xx_HAL_Driver/Src/stm32f4xx_hal_ltdc.c:1713:19:HAL_LTDC_SetPixelFormat_NoReload	32	static
../Drivers/STM32F4xx_HAL_Driver/Src/stm32f4xx_hal_ltdc.c:1756:19:HAL_LTDC_SetAlpha_NoReload	32	static
../Drivers/STM32F4xx_HAL_Driver/Src/stm32f4xx_hal_ltdc.c:1799:19:HAL_LTDC_SetAddress_NoReload	32	static
../Drivers/STM32F4xx_HAL_Driver/Src/stm32f4xx_hal_ltdc.c:1846:19:HAL_LTDC_SetPitch_NoReload	40	static
../Drivers/STM32F4xx_HAL_Driver/Src/stm32f4xx_hal_ltdc.c:1913:19:HAL_LTDC_ConfigColorKeying_NoReload	24	static
../Drivers/STM32F4xx_HAL_Driver/Src/stm32f4xx_hal_ltdc.c:1947:19:HAL_LTDC_EnableColorKeying_NoReload	16	static
../Drivers/STM32F4xx_HAL_Driver/Src/stm32f4xx_hal_ltdc.c:1980:19:HAL_LTDC_DisableColorKeying_NoReload	16	static
../Drivers/STM32F4xx_HAL_Driver/Src/stm32f4xx_hal_ltdc.c:2013:19:HAL_LTDC_EnableCLUT_NoReload	16	static
../Drivers/STM32F4xx_HAL_Driver/Src/stm32f4xx_hal_ltdc.c:2046:19:HAL_LTDC_DisableCLUT_NoReload	16	static
../Drivers/STM32F4xx_HAL_Driver/Src/stm32f4xx_hal_ltdc.c:2095:23:HAL_LTDC_GetState	16	static
../Drivers/STM32F4xx_HAL_Driver/Src/stm32f4xx_hal_ltdc.c:2106:10:HAL_LTDC_GetError	16	static
../Drivers/STM32F4xx_HAL_Driver/Src/stm32f4xx_hal_ltdc.c:2132:13:LTDC_SetConfig	40	static
