../Drivers/STM32F4xx_HAL_Driver/Src/stm32f4xx_hal_hcd.c:110:19:HAL_HCD_Init	32	static
../Drivers/STM32F4xx_HAL_Driver/Src/stm32f4xx_hal_hcd.c:218:19:HAL_HCD_HC_Init	56	static
../Drivers/STM32F4xx_HAL_Driver/Src/stm32f4xx_hal_hcd.c:276:19:HAL_HCD_HC_Halt	24	static
../Drivers/STM32F4xx_HAL_Driver/Src/stm32f4xx_hal_hcd.c:292:19:HAL_HCD_DeInit	16	static
../Drivers/STM32F4xx_HAL_Driver/Src/stm32f4xx_hal_hcd.c:327:14:HAL_HCD_MspInit	16	static
../Drivers/STM32F4xx_HAL_Driver/Src/stm32f4xx_hal_hcd.c:342:14:HAL_HCD_MspDeInit	16	static
../Drivers/STM32F4xx_HAL_Driver/Src/stm32f4xx_hal_hcd.c:394:19:HAL_HCD_HC_SubmitRequest	16	static
../Drivers/STM32F4xx_HAL_Driver/Src/stm32f4xx_hal_hcd.c:538:6:HAL_HCD_IRQHandler	32	static
../Drivers/STM32F4xx_HAL_Driver/Src/stm32f4xx_hal_hcd.c:661:6:HAL_HCD_WKUP_IRQHandler	16	static
../Drivers/STM32F4xx_HAL_Driver/Src/stm32f4xx_hal_hcd.c:672:13:HAL_HCD_SOF_Callback	16	static
../Drivers/STM32F4xx_HAL_Driver/Src/stm32f4xx_hal_hcd.c:687:13:HAL_HCD_Connect_Callback	16	static
../Drivers/STM32F4xx_HAL_Driver/Src/stm32f4xx_hal_hcd.c:702:13:HAL_HCD_Disconnect_Callback	16	static
../Drivers/STM32F4xx_HAL_Driver/Src/stm32f4xx_hal_hcd.c:717:13:HAL_HCD_PortEnabled_Callback	16	static
../Drivers/STM32F4xx_HAL_Driver/Src/stm32f4xx_hal_hcd.c:732:13:HAL_HCD_PortDisabled_Callback	16	static
../Drivers/STM32F4xx_HAL_Driver/Src/stm32f4xx_hal_hcd.c:757:13:HAL_HCD_HC_NotifyURBChange_Callback	16	static
../Drivers/STM32F4xx_HAL_Driver/Src/stm32f4xx_hal_hcd.c:1073:19:HAL_HCD_Start	16	static
../Drivers/STM32F4xx_HAL_Driver/Src/stm32f4xx_hal_hcd.c:1092:19:HAL_HCD_Stop	16	static
../Drivers/STM32F4xx_HAL_Driver/Src/stm32f4xx_hal_hcd.c:1106:19:HAL_HCD_ResetPort	16	static
../Drivers/STM32F4xx_HAL_Driver/Src/stm32f4xx_hal_hcd.c:1135:18:HAL_HCD_GetState	16	static
../Drivers/STM32F4xx_HAL_Driver/Src/stm32f4xx_hal_hcd.c:1154:21:HAL_HCD_HC_GetURBState	16	static
../Drivers/STM32F4xx_HAL_Driver/Src/stm32f4xx_hal_hcd.c:1167:10:HAL_HCD_HC_GetXferCount	16	static
../Drivers/STM32F4xx_HAL_Driver/Src/stm32f4xx_hal_hcd.c:1189:21:HAL_HCD_HC_GetState	16	static
../Drivers/STM32F4xx_HAL_Driver/Src/stm32f4xx_hal_hcd.c:1199:10:HAL_HCD_GetCurrentFrame	16	static
../Drivers/STM32F4xx_HAL_Driver/Src/stm32f4xx_hal_hcd.c:1209:10:HAL_HCD_GetCurrentSpeed	16	static
../Drivers/STM32F4xx_HAL_Driver/Src/stm32f4xx_hal_hcd.c:1223:19:HAL_HCD_HC_SetHubInfo	24	static
../Drivers/STM32F4xx_HAL_Driver/Src/stm32f4xx_hal_hcd.c:1253:19:HAL_HCD_HC_ClearHubInfo	16	static
../Drivers/STM32F4xx_HAL_Driver/Src/stm32f4xx_hal_hcd.c:1280:13:HCD_HC_IN_IRQHandler	32	static
../Drivers/STM32F4xx_HAL_Driver/Src/stm32f4xx_hal_hcd.c:1599:13:HCD_HC_OUT_IRQHandler	32	static
../Drivers/STM32F4xx_HAL_Driver/Src/stm32f4xx_hal_hcd.c:1834:13:HCD_RXQLVL_IRQHandler	48	static
../Drivers/STM32F4xx_HAL_Driver/Src/stm32f4xx_hal_hcd.c:1900:13:HCD_Port_IRQHandler	32	static
