../Drivers/STM32F4xx_HAL_Driver/Src/stm32f4xx_hal_sd.c:335:19:HAL_SD_Init	16	static
../Drivers/STM32F4xx_HAL_Driver/Src/stm32f4xx_hal_sd.c:403:19:HAL_SD_InitCard	72	static
../Drivers/STM32F4xx_HAL_Driver/Src/stm32f4xx_hal_sd.c:473:19:HAL_SD_DeInit	16	static
../Drivers/STM32F4xx_HAL_Driver/Src/stm32f4xx_hal_sd.c:514:13:HAL_SD_MspInit	16	static
../Drivers/STM32F4xx_HAL_Driver/Src/stm32f4xx_hal_sd.c:529:13:HAL_SD_MspDeInit	16	static
../Drivers/STM32F4xx_HAL_Driver/Src/stm32f4xx_hal_sd.c:570:19:HAL_SD_ReadBlocks	80	static
../Drivers/STM32F4xx_HAL_Driver/Src/stm32f4xx_hal_sd.c:789:19:HAL_SD_WriteBlocks	80	static
../Drivers/STM32F4xx_HAL_Driver/Src/stm32f4xx_hal_sd.c:981:19:HAL_SD_ReadBlocks_IT	56	static
../Drivers/STM32F4xx_HAL_Driver/Src/stm32f4xx_hal_sd.c:1077:19:HAL_SD_WriteBlocks_IT	56	static
../Drivers/STM32F4xx_HAL_Driver/Src/stm32f4xx_hal_sd.c:1174:19:HAL_SD_ReadBlocks_DMA	56	static
../Drivers/STM32F4xx_HAL_Driver/Src/stm32f4xx_hal_sd.c:1295:19:HAL_SD_WriteBlocks_DMA	56	static
../Drivers/STM32F4xx_HAL_Driver/Src/stm32f4xx_hal_sd.c:1418:19:HAL_SD_Erase	40	static
../Drivers/STM32F4xx_HAL_Driver/Src/stm32f4xx_hal_sd.c:1520:6:HAL_SD_IRQHandler	24	static
../Drivers/STM32F4xx_HAL_Driver/Src/stm32f4xx_hal_sd.c:1736:21:HAL_SD_GetState	16	static
../Drivers/STM32F4xx_HAL_Driver/Src/stm32f4xx_hal_sd.c:1747:10:HAL_SD_GetError	16	static
../Drivers/STM32F4xx_HAL_Driver/Src/stm32f4xx_hal_sd.c:1757:13:HAL_SD_TxCpltCallback	16	static
../Drivers/STM32F4xx_HAL_Driver/Src/stm32f4xx_hal_sd.c:1772:13:HAL_SD_RxCpltCallback	16	static
../Drivers/STM32F4xx_HAL_Driver/Src/stm32f4xx_hal_sd.c:1787:13:HAL_SD_ErrorCallback	16	static
../Drivers/STM32F4xx_HAL_Driver/Src/stm32f4xx_hal_sd.c:1802:13:HAL_SD_AbortCallback	16	static
../Drivers/STM32F4xx_HAL_Driver/Src/stm32f4xx_hal_sd.c:2013:19:HAL_SD_GetCardCID	16	static
../Drivers/STM32F4xx_HAL_Driver/Src/stm32f4xx_hal_sd.c:2046:19:HAL_SD_GetCardCSD	16	static
../Drivers/STM32F4xx_HAL_Driver/Src/stm32f4xx_hal_sd.c:2160:19:HAL_SD_GetCardStatus	88	static
../Drivers/STM32F4xx_HAL_Driver/Src/stm32f4xx_hal_sd.c:2220:19:HAL_SD_GetCardInfo	16	static
../Drivers/STM32F4xx_HAL_Driver/Src/stm32f4xx_hal_sd.c:2245:19:HAL_SD_ConfigWideBusOperation	72	static
../Drivers/STM32F4xx_HAL_Driver/Src/stm32f4xx_hal_sd.c:2327:25:HAL_SD_GetCardState	32	static
../Drivers/STM32F4xx_HAL_Driver/Src/stm32f4xx_hal_sd.c:2350:19:HAL_SD_Abort	24	static
../Drivers/STM32F4xx_HAL_Driver/Src/stm32f4xx_hal_sd.c:2414:19:HAL_SD_Abort_IT	24	static
../Drivers/STM32F4xx_HAL_Driver/Src/stm32f4xx_hal_sd.c:2501:13:SD_DMATransmitCplt	24	static
../Drivers/STM32F4xx_HAL_Driver/Src/stm32f4xx_hal_sd.c:2514:13:SD_DMAReceiveCplt	24	static
../Drivers/STM32F4xx_HAL_Driver/Src/stm32f4xx_hal_sd.c:2556:13:SD_DMAError	32	static
../Drivers/STM32F4xx_HAL_Driver/Src/stm32f4xx_hal_sd.c:2600:13:SD_DMATxAbort	24	static
../Drivers/STM32F4xx_HAL_Driver/Src/stm32f4xx_hal_sd.c:2639:13:SD_DMARxAbort	24	static
../Drivers/STM32F4xx_HAL_Driver/Src/stm32f4xx_hal_sd.c:2678:17:SD_InitCard	96	static
../Drivers/STM32F4xx_HAL_Driver/Src/stm32f4xx_hal_sd.c:2770:17:SD_PowerON	32	static
../Drivers/STM32F4xx_HAL_Driver/Src/stm32f4xx_hal_sd.c:2860:13:SD_PowerOFF	16	static
../Drivers/STM32F4xx_HAL_Driver/Src/stm32f4xx_hal_sd.c:2873:17:SD_SendSDStatus	56	static
../Drivers/STM32F4xx_HAL_Driver/Src/stm32f4xx_hal_sd.c:2983:17:SD_SendStatus	24	static
../Drivers/STM32F4xx_HAL_Driver/Src/stm32f4xx_hal_sd.c:3010:17:SD_WideBus_Enable	32	static
../Drivers/STM32F4xx_HAL_Driver/Src/stm32f4xx_hal_sd.c:3057:17:SD_WideBus_Disable	32	static
../Drivers/STM32F4xx_HAL_Driver/Src/stm32f4xx_hal_sd.c:3106:17:SD_FindSCR	72	static
../Drivers/STM32F4xx_HAL_Driver/Src/stm32f4xx_hal_sd.c:3207:13:SD_Read_IT	32	static
../Drivers/STM32F4xx_HAL_Driver/Src/stm32f4xx_hal_sd.c:3246:13:SD_Write_IT	32	static
