../Core/Src/main.c:117:5:main	8	static
../Core/Src/main.c:216:6:SystemClock_Config	88	static
../Core/Src/main.c:269:6:PeriphCommonClock_Config	72	static
../Core/Src/main.c:296:13:MX_CAN2_Init	8	static
../Core/Src/main.c:333:13:MX_CRC_Init	8	static
../Core/Src/main.c:359:13:MX_DMA2D_Init	8	static
../Core/Src/main.c:396:13:MX_DSIHOST_DSI_Init	176	static
../Core/Src/main.c:505:13:MX_I2C1_Init	8	static
../Core/Src/main.c:539:13:MX_I2C2_Init	8	static
../Core/Src/main.c:573:13:MX_LTDC_Init	64	static
../Core/Src/main.c:635:13:MX_QUADSPI_Init	8	static
../Core/Src/main.c:670:13:MX_SAI1_Init	8	static
../Core/Src/main.c:720:13:MX_SDIO_SD_Init	4	static
../Core/Src/main.c:748:13:MX_TIM1_Init	32	static
../Core/Src/main.c:794:13:MX_USART3_UART_Init	8	static
../Core/Src/main.c:827:13:MX_USART6_UART_Init	8	static
../Core/Src/main.c:856:13:MX_FMC_Init	40	static
../Core/Src/main.c:907:13:MX_GPIO_Init	72	static
../Core/Src/main.c:1045:6:StartDefaultTask	16	static
../Core/Src/main.c:1066:6:HAL_TIM_PeriodElapsedCallback	16	static
../Core/Src/main.c:1083:6:Error_Handler	4	static,ignoring_inline_asm
